#! /c/Source/iverilog-install/bin/vvp
:ivl_version "12.0 (devel)" "(s20150603-1539-g2693dd32b)";
:ivl_delay_selection "TYPICAL";
:vpi_time_precision - 9;
:vpi_module "C:\iverilog\lib\ivl\system.vpi";
:vpi_module "C:\iverilog\lib\ivl\vhdl_sys.vpi";
:vpi_module "C:\iverilog\lib\ivl\vhdl_textio.vpi";
:vpi_module "C:\iverilog\lib\ivl\v2005_math.vpi";
:vpi_module "C:\iverilog\lib\ivl\va_math.vpi";
S_0000028d1fd9d350 .scope module, "ram8_8_tb" "ram8_8_tb" 2 5;
 .timescale -9 -9;
v0000028d1fde4180_0 .var "clk", 0 0;
v0000028d1fde4220_0 .var "data_in", 7 0;
v0000028d1fde42c0_0 .net "data_out", 7 0, v0000028d1fd9be50_0;  1 drivers
v0000028d1fde4360_0 .var "rd_addr", 2 0;
v0000028d1fde4400_0 .var "rst", 0 0;
v0000028d1fde44a0_0 .var "wr_addr", 2 0;
v0000028d1fe332e0_0 .var "wr_enb", 0 0;
S_0000028d1fd9d4e0 .scope module, "dut" "ram8_8" 2 14, 3 1 0, S_0000028d1fd9d350;
 .timescale -9 -9;
    .port_info 0 /INPUT 1 "clk";
    .port_info 1 /INPUT 1 "rst";
    .port_info 2 /INPUT 1 "wr_enb";
    .port_info 3 /INPUT 3 "wr_addr";
    .port_info 4 /INPUT 3 "rd_addr";
    .port_info 5 /INPUT 8 "data_in";
    .port_info 6 /OUTPUT 8 "data_out";
v0000028d1fd96ac0_0 .net "clk", 0 0, v0000028d1fde4180_0;  1 drivers
v0000028d1fd96860_0 .net "data_in", 7 0, v0000028d1fde4220_0;  1 drivers
v0000028d1fd9be50_0 .var "data_out", 7 0;
v0000028d1fd9d670_0 .var/i "i", 31 0;
v0000028d1fd9d710 .array "mem", 0 7, 7 0;
v0000028d1fde3f00_0 .net "rd_addr", 2 0, v0000028d1fde4360_0;  1 drivers
v0000028d1fde3fa0_0 .net "rst", 0 0, v0000028d1fde4400_0;  1 drivers
v0000028d1fde4040_0 .net "wr_addr", 2 0, v0000028d1fde44a0_0;  1 drivers
v0000028d1fde40e0_0 .net "wr_enb", 0 0, v0000028d1fe332e0_0;  1 drivers
E_0000028d1fd9a780/0 .event anyedge, v0000028d1fde3fa0_0;
E_0000028d1fd9a780/1 .event posedge, v0000028d1fd96ac0_0;
E_0000028d1fd9a780 .event/or E_0000028d1fd9a780/0, E_0000028d1fd9a780/1;
    .scope S_0000028d1fd9d4e0;
T_0 ;
    %wait E_0000028d1fd9a780;
    %load/vec4 v0000028d1fde3fa0_0;
    %flag_set/vec4 8;
    %jmp/0xz  T_0.0, 8;
    %pushi/vec4 0, 0, 32;
    %store/vec4 v0000028d1fd9d670_0, 0, 32;
T_0.2 ;
    %load/vec4 v0000028d1fd9d670_0;
    %cmpi/s 7, 0, 32;
    %jmp/0xz T_0.3, 5;
    %pushi/vec4 0, 0, 8;
    %ix/getv/s 3, v0000028d1fd9d670_0;
    %ix/load 4, 0, 0; Constant delay
    %assign/vec4/a/d v0000028d1fd9d710, 0, 4;
    %load/vec4 v0000028d1fd9d670_0;
    %addi 1, 0, 32;
    %store/vec4 v0000028d1fd9d670_0, 0, 32;
    %jmp T_0.2;
T_0.3 ;
    %jmp T_0.1;
T_0.0 ;
    %load/vec4 v0000028d1fde40e0_0;
    %flag_set/vec4 8;
    %jmp/0xz  T_0.4, 8;
    %load/vec4 v0000028d1fd96860_0;
    %load/vec4 v0000028d1fde4040_0;
    %pad/u 5;
    %ix/vec4 3;
    %ix/load 4, 0, 0; Constant delay
    %assign/vec4/a/d v0000028d1fd9d710, 0, 4;
    %jmp T_0.5;
T_0.4 ;
    %load/vec4 v0000028d1fde40e0_0;
    %nor/r;
    %flag_set/vec4 8;
    %jmp/0xz  T_0.6, 8;
    %load/vec4 v0000028d1fde3f00_0;
    %pad/u 5;
    %ix/vec4 4;
    %load/vec4a v0000028d1fd9d710, 4;
    %assign/vec4 v0000028d1fd9be50_0, 0;
T_0.6 ;
T_0.5 ;
T_0.1 ;
    %jmp T_0;
    .thread T_0;
    .scope S_0000028d1fd9d350;
T_1 ;
    %pushi/vec4 0, 0, 17;
    %split/vec4 8;
    %store/vec4 v0000028d1fde4220_0, 0, 8;
    %split/vec4 3;
    %store/vec4 v0000028d1fde4360_0, 0, 3;
    %split/vec4 1;
    %store/vec4 v0000028d1fe332e0_0, 0, 1;
    %split/vec4 3;
    %store/vec4 v0000028d1fde44a0_0, 0, 3;
    %split/vec4 1;
    %store/vec4 v0000028d1fde4400_0, 0, 1;
    %store/vec4 v0000028d1fde4180_0, 0, 1;
    %end;
    .thread T_1;
    .scope S_0000028d1fd9d350;
T_2 ;
    %delay 5, 0;
    %load/vec4 v0000028d1fde4180_0;
    %inv;
    %store/vec4 v0000028d1fde4180_0, 0, 1;
    %jmp T_2;
    .thread T_2;
    .scope S_0000028d1fd9d350;
T_3 ;
    %vpi_call 2 33 "$dumpfile", "RAM_8x8.vcd" {0 0 0};
    %vpi_call 2 34 "$dumpvars", 32'sb00000000000000000000000000000000, S_0000028d1fd9d350 {0 0 0};
    %delay 100, 0;
    %vpi_call 2 36 "$finish" {0 0 0};
    %end;
    .thread T_3;
    .scope S_0000028d1fd9d350;
T_4 ;
    %pushi/vec4 1, 0, 1;
    %store/vec4 v0000028d1fe332e0_0, 0, 1;
    %pushi/vec4 4, 0, 3;
    %store/vec4 v0000028d1fde44a0_0, 0, 3;
    %pushi/vec4 100, 0, 8;
    %store/vec4 v0000028d1fde4220_0, 0, 8;
    %delay 20, 0;
    %pushi/vec4 7, 0, 3;
    %store/vec4 v0000028d1fde44a0_0, 0, 3;
    %pushi/vec4 55, 0, 8;
    %store/vec4 v0000028d1fde4220_0, 0, 8;
    %delay 10, 0;
    %pushi/vec4 0, 0, 1;
    %store/vec4 v0000028d1fe332e0_0, 0, 1;
    %pushi/vec4 4, 0, 3;
    %store/vec4 v0000028d1fde4360_0, 0, 3;
    %delay 15, 0;
    %pushi/vec4 0, 0, 3;
    %store/vec4 v0000028d1fde4360_0, 0, 3;
    %delay 10, 0;
    %pushi/vec4 7, 0, 3;
    %store/vec4 v0000028d1fde4360_0, 0, 3;
    %delay 5, 0;
    %pushi/vec4 1, 0, 1;
    %store/vec4 v0000028d1fde4400_0, 0, 1;
    %delay 10, 0;
    %pushi/vec4 7, 0, 3;
    %store/vec4 v0000028d1fde4360_0, 0, 3;
    %end;
    .thread T_4;
# The file index is used to find the file name in the following table.
:file_names 4;
    "N/A";
    "<interactive>";
    "RAM_8x8_tb.v";
    "./RAM_8x8.v";
