#! /c/Source/iverilog-install/bin/vvp
:ivl_version "12.0 (devel)" "(s20150603-1539-g2693dd32b)";
:ivl_delay_selection "TYPICAL";
:vpi_time_precision + 0;
:vpi_module "C:\iverilog\lib\ivl\system.vpi";
:vpi_module "C:\iverilog\lib\ivl\vhdl_sys.vpi";
:vpi_module "C:\iverilog\lib\ivl\vhdl_textio.vpi";
:vpi_module "C:\iverilog\lib\ivl\v2005_math.vpi";
:vpi_module "C:\iverilog\lib\ivl\va_math.vpi";
S_000001c753156530 .scope module, "ram8_8" "ram8_8" 2 1;
 .timescale 0 0;
    .port_info 0 /INPUT 1 "clk";
    .port_info 1 /INPUT 1 "rst";
    .port_info 2 /INPUT 1 "wr_enb";
    .port_info 3 /INPUT 3 "wr_addr";
    .port_info 4 /INPUT 3 "rd_addr";
    .port_info 5 /INPUT 8 "data_in";
    .port_info 6 /OUTPUT 8 "data_out";
o000001c753056fb8 .functor BUFZ 1, C4<z>; HiZ drive
v000001c753156a60_0 .net "clk", 0 0, o000001c753056fb8;  0 drivers
o000001c753056fe8 .functor BUFZ 8, C4<zzzzzzzz>; HiZ drive
v000001c7531566c0_0 .net "data_in", 7 0, o000001c753056fe8;  0 drivers
v000001c753156760_0 .var "data_out", 7 0;
v000001c753156800_0 .var/i "i", 31 0;
v000001c75315bbe0 .array "mem", 0 7, 7 0;
o000001c753057078 .functor BUFZ 3, C4<zzz>; HiZ drive
v000001c75315bc80_0 .net "rd_addr", 2 0, o000001c753057078;  0 drivers
o000001c7530570a8 .functor BUFZ 1, C4<z>; HiZ drive
v000001c75315bd20_0 .net "rst", 0 0, o000001c7530570a8;  0 drivers
o000001c7530570d8 .functor BUFZ 3, C4<zzz>; HiZ drive
v000001c75315bdc0_0 .net "wr_addr", 2 0, o000001c7530570d8;  0 drivers
o000001c753057108 .functor BUFZ 1, C4<z>; HiZ drive
v000001c75315be60_0 .net "wr_enb", 0 0, o000001c753057108;  0 drivers
E_000001c753056390/0 .event anyedge, v000001c75315bd20_0;
E_000001c753056390/1 .event posedge, v000001c753156a60_0;
E_000001c753056390 .event/or E_000001c753056390/0, E_000001c753056390/1;
    .scope S_000001c753156530;
T_0 ;
    %wait E_000001c753056390;
    %load/vec4 v000001c75315bd20_0;
    %flag_set/vec4 8;
    %jmp/0xz  T_0.0, 8;
    %pushi/vec4 0, 0, 32;
    %store/vec4 v000001c753156800_0, 0, 32;
T_0.2 ;
    %load/vec4 v000001c753156800_0;
    %cmpi/s 7, 0, 32;
    %jmp/0xz T_0.3, 5;
    %pushi/vec4 0, 0, 8;
    %ix/getv/s 3, v000001c753156800_0;
    %ix/load 4, 0, 0; Constant delay
    %assign/vec4/a/d v000001c75315bbe0, 0, 4;
    %load/vec4 v000001c753156800_0;
    %addi 1, 0, 32;
    %store/vec4 v000001c753156800_0, 0, 32;
    %jmp T_0.2;
T_0.3 ;
    %jmp T_0.1;
T_0.0 ;
    %load/vec4 v000001c75315be60_0;
    %flag_set/vec4 8;
    %jmp/0xz  T_0.4, 8;
    %load/vec4 v000001c7531566c0_0;
    %load/vec4 v000001c75315bdc0_0;
    %pad/u 5;
    %ix/vec4 3;
    %ix/load 4, 0, 0; Constant delay
    %assign/vec4/a/d v000001c75315bbe0, 0, 4;
    %jmp T_0.5;
T_0.4 ;
    %load/vec4 v000001c75315be60_0;
    %nor/r;
    %flag_set/vec4 8;
    %jmp/0xz  T_0.6, 8;
    %load/vec4 v000001c75315bc80_0;
    %pad/u 5;
    %ix/vec4 4;
    %load/vec4a v000001c75315bbe0, 4;
    %assign/vec4 v000001c753156760_0, 0;
T_0.6 ;
T_0.5 ;
T_0.1 ;
    %jmp T_0;
    .thread T_0;
# The file index is used to find the file name in the following table.
:file_names 3;
    "N/A";
    "<interactive>";
    "RAM_8x8.v";
