#! /c/Source/iverilog-install/bin/vvp
:ivl_version "12.0 (devel)" "(s20150603-1539-g2693dd32b)";
:ivl_delay_selection "TYPICAL";
:vpi_time_precision + 0;
:vpi_module "C:\iverilog\lib\ivl\system.vpi";
:vpi_module "C:\iverilog\lib\ivl\vhdl_sys.vpi";
:vpi_module "C:\iverilog\lib\ivl\vhdl_textio.vpi";
:vpi_module "C:\iverilog\lib\ivl\v2005_math.vpi";
:vpi_module "C:\iverilog\lib\ivl\va_math.vpi";
S_000001cf739f64d0 .scope module, "hamming_code_reciever" "hamming_code_reciever" 2 1;
 .timescale 0 0;
    .port_info 0 /INPUT 1 "clk";
    .port_info 1 /INPUT 1 "rst";
    .port_info 2 /INPUT 11 "recieved";
    .port_info 3 /OUTPUT 7 "data_out";
v000001cf739f6a40_0 .var "c_recieved", 11 1;
o000001cf73a49fc8 .functor BUFZ 1, C4<z>; HiZ drive
v000001cf739f6c60_0 .net "clk", 0 0, o000001cf73a49fc8;  0 drivers
v000001cf739fbdb0_0 .var "data_out", 6 0;
v000001cf739fbe50_0 .var "parity", 3 0;
o000001cf73a4a058 .functor BUFZ 11, C4<zzzzzzzzzzz>; HiZ drive
v000001cf739f6660_0 .net "recieved", 11 1, o000001cf73a4a058;  0 drivers
o000001cf73a4a088 .functor BUFZ 1, C4<z>; HiZ drive
v000001cf739f6700_0 .net "rst", 0 0, o000001cf73a4a088;  0 drivers
E_000001cf73a35e50 .event posedge, v000001cf739f6700_0, v000001cf739f6c60_0;
    .scope S_000001cf739f64d0;
T_0 ;
    %wait E_000001cf73a35e50;
    %load/vec4 v000001cf739f6700_0;
    %flag_set/vec4 8;
    %jmp/0xz  T_0.0, 8;
    %pushi/vec4 127, 127, 7;
    %store/vec4 v000001cf739fbdb0_0, 0, 7;
    %jmp T_0.1;
T_0.0 ;
    %load/vec4 v000001cf739f6660_0;
    %parti/s 1, 10, 5;
    %load/vec4 v000001cf739f6660_0;
    %parti/s 1, 9, 5;
    %xor;
    %load/vec4 v000001cf739f6660_0;
    %parti/s 1, 8, 5;
    %xor;
    %load/vec4 v000001cf739f6660_0;
    %parti/s 1, 7, 4;
    %xor;
    %ix/load 4, 3, 0;
    %flag_set/imm 4, 0;
    %store/vec4 v000001cf739fbe50_0, 4, 1;
    %load/vec4 v000001cf739f6660_0;
    %parti/s 1, 6, 4;
    %load/vec4 v000001cf739f6660_0;
    %parti/s 1, 5, 4;
    %xor;
    %load/vec4 v000001cf739f6660_0;
    %parti/s 1, 4, 4;
    %xor;
    %load/vec4 v000001cf739f6660_0;
    %parti/s 1, 3, 3;
    %xor;
    %ix/load 4, 2, 0;
    %flag_set/imm 4, 0;
    %store/vec4 v000001cf739fbe50_0, 4, 1;
    %load/vec4 v000001cf739f6660_0;
    %parti/s 1, 10, 5;
    %load/vec4 v000001cf739f6660_0;
    %parti/s 1, 9, 5;
    %xor;
    %load/vec4 v000001cf739f6660_0;
    %parti/s 1, 6, 4;
    %xor;
    %load/vec4 v000001cf739f6660_0;
    %parti/s 1, 5, 4;
    %xor;
    %load/vec4 v000001cf739f6660_0;
    %parti/s 1, 2, 3;
    %xor;
    %load/vec4 v000001cf739f6660_0;
    %parti/s 1, 1, 2;
    %xor;
    %ix/load 4, 1, 0;
    %flag_set/imm 4, 0;
    %store/vec4 v000001cf739fbe50_0, 4, 1;
    %load/vec4 v000001cf739f6660_0;
    %parti/s 1, 10, 5;
    %load/vec4 v000001cf739f6660_0;
    %parti/s 1, 8, 5;
    %xor;
    %load/vec4 v000001cf739f6660_0;
    %parti/s 1, 6, 4;
    %xor;
    %load/vec4 v000001cf739f6660_0;
    %parti/s 1, 4, 4;
    %xor;
    %load/vec4 v000001cf739f6660_0;
    %parti/s 1, 2, 3;
    %xor;
    %load/vec4 v000001cf739f6660_0;
    %parti/s 1, 0, 2;
    %xor;
    %ix/load 4, 0, 0;
    %flag_set/imm 4, 0;
    %store/vec4 v000001cf739fbe50_0, 4, 1;
    %load/vec4 v000001cf739fbe50_0;
    %cmpi/e 0, 0, 4;
    %jmp/0xz  T_0.2, 4;
    %load/vec4 v000001cf739f6660_0;
    %parti/s 1, 10, 5;
    %load/vec4 v000001cf739f6660_0;
    %parti/s 1, 9, 5;
    %concat/vec4; draw_concat_vec4
    %load/vec4 v000001cf739f6660_0;
    %parti/s 1, 8, 5;
    %concat/vec4; draw_concat_vec4
    %load/vec4 v000001cf739f6660_0;
    %parti/s 1, 6, 4;
    %concat/vec4; draw_concat_vec4
    %load/vec4 v000001cf739f6660_0;
    %parti/s 1, 5, 4;
    %concat/vec4; draw_concat_vec4
    %load/vec4 v000001cf739f6660_0;
    %parti/s 1, 4, 4;
    %concat/vec4; draw_concat_vec4
    %load/vec4 v000001cf739f6660_0;
    %parti/s 1, 2, 3;
    %concat/vec4; draw_concat_vec4
    %store/vec4 v000001cf739fbdb0_0, 0, 7;
    %jmp T_0.3;
T_0.2 ;
    %load/vec4 v000001cf739f6660_0;
    %store/vec4 v000001cf739f6a40_0, 0, 11;
    %load/vec4 v000001cf739f6660_0;
    %load/vec4 v000001cf739fbe50_0;
    %pad/u 6;
    %subi 1, 0, 6;
    %part/s 1;
    %inv;
    %load/vec4 v000001cf739fbe50_0;
    %pad/u 6;
    %subi 1, 0, 6;
    %ix/vec4/s 4;
    %store/vec4 v000001cf739f6a40_0, 4, 1;
    %load/vec4 v000001cf739f6a40_0;
    %parti/s 1, 10, 5;
    %load/vec4 v000001cf739f6a40_0;
    %parti/s 1, 9, 5;
    %concat/vec4; draw_concat_vec4
    %load/vec4 v000001cf739f6a40_0;
    %parti/s 1, 8, 5;
    %concat/vec4; draw_concat_vec4
    %load/vec4 v000001cf739f6a40_0;
    %parti/s 1, 6, 4;
    %concat/vec4; draw_concat_vec4
    %load/vec4 v000001cf739f6a40_0;
    %parti/s 1, 5, 4;
    %concat/vec4; draw_concat_vec4
    %load/vec4 v000001cf739f6a40_0;
    %parti/s 1, 4, 4;
    %concat/vec4; draw_concat_vec4
    %load/vec4 v000001cf739f6a40_0;
    %parti/s 1, 2, 3;
    %concat/vec4; draw_concat_vec4
    %store/vec4 v000001cf739fbdb0_0, 0, 7;
T_0.3 ;
T_0.1 ;
    %jmp T_0;
    .thread T_0;
# The file index is used to find the file name in the following table.
:file_names 3;
    "N/A";
    "<interactive>";
    "hamming_code_reciever.v";
