#! /c/Source/iverilog-install/bin/vvp
:ivl_version "12.0 (devel)" "(s20150603-1539-g2693dd32b)";
:ivl_delay_selection "TYPICAL";
:vpi_time_precision + 0;
:vpi_module "C:\iverilog\lib\ivl\system.vpi";
:vpi_module "C:\iverilog\lib\ivl\vhdl_sys.vpi";
:vpi_module "C:\iverilog\lib\ivl\vhdl_textio.vpi";
:vpi_module "C:\iverilog\lib\ivl\v2005_math.vpi";
:vpi_module "C:\iverilog\lib\ivl\va_math.vpi";
S_0000025f30db63c0 .scope module, "hamming_code_sender" "hamming_code_sender" 2 1;
 .timescale 0 0;
    .port_info 0 /INPUT 1 "clk";
    .port_info 1 /INPUT 1 "rst";
    .port_info 2 /INPUT 7 "data_in";
    .port_info 3 /OUTPUT 11 "send";
o0000025f30e06fd8 .functor BUFZ 1, C4<z>; HiZ drive
v0000025f30db6a40_0 .net "clk", 0 0, o0000025f30e06fd8;  0 drivers
o0000025f30e07008 .functor BUFZ 7, C4<zzzzzzz>; HiZ drive
v0000025f30dbef20_0 .net "data_in", 6 0, o0000025f30e07008;  0 drivers
o0000025f30e07038 .functor BUFZ 1, C4<z>; HiZ drive
v0000025f30db6550_0 .net "rst", 0 0, o0000025f30e07038;  0 drivers
v0000025f30db65f0_0 .var "send", 11 1;
E_0000025f30df5140 .event posedge, v0000025f30db6550_0, v0000025f30db6a40_0;
    .scope S_0000025f30db63c0;
T_0 ;
    %wait E_0000025f30df5140;
    %load/vec4 v0000025f30db6550_0;
    %flag_set/vec4 8;
    %jmp/0xz  T_0.0, 8;
    %pushi/vec4 2047, 2047, 11;
    %store/vec4 v0000025f30db65f0_0, 0, 11;
    %jmp T_0.1;
T_0.0 ;
    %load/vec4 v0000025f30dbef20_0;
    %split/vec4 1;
    %ix/load 4, 2, 0;
    %flag_set/imm 4, 0;
    %store/vec4 v0000025f30db65f0_0, 4, 1;
    %split/vec4 1;
    %ix/load 4, 4, 0;
    %flag_set/imm 4, 0;
    %store/vec4 v0000025f30db65f0_0, 4, 1;
    %split/vec4 1;
    %ix/load 4, 5, 0;
    %flag_set/imm 4, 0;
    %store/vec4 v0000025f30db65f0_0, 4, 1;
    %split/vec4 1;
    %ix/load 4, 6, 0;
    %flag_set/imm 4, 0;
    %store/vec4 v0000025f30db65f0_0, 4, 1;
    %split/vec4 1;
    %ix/load 4, 8, 0;
    %flag_set/imm 4, 0;
    %store/vec4 v0000025f30db65f0_0, 4, 1;
    %split/vec4 1;
    %ix/load 4, 9, 0;
    %flag_set/imm 4, 0;
    %store/vec4 v0000025f30db65f0_0, 4, 1;
    %ix/load 4, 10, 0;
    %flag_set/imm 4, 0;
    %store/vec4 v0000025f30db65f0_0, 4, 1;
    %load/vec4 v0000025f30db65f0_0;
    %parti/s 1, 10, 5;
    %load/vec4 v0000025f30db65f0_0;
    %parti/s 1, 9, 5;
    %xor;
    %load/vec4 v0000025f30db65f0_0;
    %parti/s 1, 8, 5;
    %xor;
    %ix/load 4, 7, 0;
    %flag_set/imm 4, 0;
    %store/vec4 v0000025f30db65f0_0, 4, 1;
    %load/vec4 v0000025f30db65f0_0;
    %parti/s 1, 4, 4;
    %load/vec4 v0000025f30db65f0_0;
    %parti/s 1, 5, 4;
    %xor;
    %load/vec4 v0000025f30db65f0_0;
    %parti/s 1, 6, 4;
    %xor;
    %ix/load 4, 3, 0;
    %flag_set/imm 4, 0;
    %store/vec4 v0000025f30db65f0_0, 4, 1;
    %load/vec4 v0000025f30db65f0_0;
    %parti/s 1, 10, 5;
    %load/vec4 v0000025f30db65f0_0;
    %parti/s 1, 9, 5;
    %xor;
    %load/vec4 v0000025f30db65f0_0;
    %parti/s 1, 6, 4;
    %xor;
    %load/vec4 v0000025f30db65f0_0;
    %parti/s 1, 5, 4;
    %xor;
    %load/vec4 v0000025f30db65f0_0;
    %parti/s 1, 2, 3;
    %xor;
    %ix/load 4, 1, 0;
    %flag_set/imm 4, 0;
    %store/vec4 v0000025f30db65f0_0, 4, 1;
    %load/vec4 v0000025f30db65f0_0;
    %parti/s 1, 10, 5;
    %load/vec4 v0000025f30db65f0_0;
    %parti/s 1, 8, 5;
    %xor;
    %load/vec4 v0000025f30db65f0_0;
    %parti/s 1, 6, 4;
    %xor;
    %load/vec4 v0000025f30db65f0_0;
    %parti/s 1, 4, 4;
    %xor;
    %load/vec4 v0000025f30db65f0_0;
    %parti/s 1, 2, 3;
    %xor;
    %ix/load 4, 0, 0;
    %flag_set/imm 4, 0;
    %store/vec4 v0000025f30db65f0_0, 4, 1;
T_0.1 ;
    %jmp T_0;
    .thread T_0;
# The file index is used to find the file name in the following table.
:file_names 3;
    "N/A";
    "<interactive>";
    "hamming_code_sender.v";
