#! /c/Source/iverilog-install/bin/vvp
:ivl_version "12.0 (devel)" "(s20150603-1539-g2693dd32b)";
:ivl_delay_selection "TYPICAL";
:vpi_time_precision - 9;
:vpi_module "C:\iverilog\lib\ivl\system.vpi";
:vpi_module "C:\iverilog\lib\ivl\vhdl_sys.vpi";
:vpi_module "C:\iverilog\lib\ivl\vhdl_textio.vpi";
:vpi_module "C:\iverilog\lib\ivl\v2005_math.vpi";
:vpi_module "C:\iverilog\lib\ivl\va_math.vpi";
S_000001b51c2fed60 .scope module, "hamming_code_tb" "hamming_code_tb" 2 6;
 .timescale -9 -9;
v000001b51c4564e0_0 .var "channel", 11 1;
v000001b51c456580_0 .var "clk", 0 0;
v000001b51c456620_0 .var "data_in", 6 0;
v000001b51c4566c0_0 .net "data_out", 6 0, v000001b51c456ac0_0;  1 drivers
v000001b51c456760_0 .var "recieved", 11 1;
v000001b51c456800_0 .var "rst", 0 0;
v000001b51c351e60_0 .net "send", 11 1, v000001b51c456440_0;  1 drivers
S_000001b51c2feef0 .scope module, "rut" "hamming_code_reciever" 2 22, 3 1 0, S_000001b51c2fed60;
 .timescale -9 -9;
    .port_info 0 /INPUT 1 "clk";
    .port_info 1 /INPUT 1 "rst";
    .port_info 2 /INPUT 11 "recieved";
    .port_info 3 /OUTPUT 7 "data_out";
v000001b51c45b4b0_0 .net "clk", 0 0, v000001b51c456580_0;  1 drivers
v000001b51c456ac0_0 .var "data_out", 6 0;
v000001b51c45bea0_0 .var "parity", 3 0;
v000001b51c2eb7b0_0 .net "recieved", 11 1, v000001b51c456760_0;  1 drivers
v000001b51c2ff080_0 .net "rst", 0 0, v000001b51c456800_0;  1 drivers
E_000001b51c2ea2d0 .event posedge, v000001b51c2ff080_0, v000001b51c45b4b0_0;
S_000001b51c2f4340 .scope module, "sut" "hamming_code_sender" 2 15, 4 1 0, S_000001b51c2fed60;
 .timescale -9 -9;
    .port_info 0 /INPUT 1 "clk";
    .port_info 1 /INPUT 1 "rst";
    .port_info 2 /INPUT 7 "data_in";
    .port_info 3 /OUTPUT 11 "send";
v000001b51c2ff120_0 .net "clk", 0 0, v000001b51c456580_0;  alias, 1 drivers
v000001b51c2f44d0_0 .net "data_in", 6 0, v000001b51c456620_0;  1 drivers
v000001b51c2f4570_0 .net "rst", 0 0, v000001b51c456800_0;  alias, 1 drivers
v000001b51c456440_0 .var "send", 11 1;
    .scope S_000001b51c2f4340;
T_0 ;
    %wait E_000001b51c2ea2d0;
    %load/vec4 v000001b51c2f4570_0;
    %flag_set/vec4 8;
    %jmp/0xz  T_0.0, 8;
    %pushi/vec4 2047, 2047, 11;
    %store/vec4 v000001b51c456440_0, 0, 11;
    %jmp T_0.1;
T_0.0 ;
    %load/vec4 v000001b51c2f44d0_0;
    %split/vec4 1;
    %ix/load 4, 2, 0;
    %flag_set/imm 4, 0;
    %store/vec4 v000001b51c456440_0, 4, 1;
    %split/vec4 1;
    %ix/load 4, 4, 0;
    %flag_set/imm 4, 0;
    %store/vec4 v000001b51c456440_0, 4, 1;
    %split/vec4 1;
    %ix/load 4, 5, 0;
    %flag_set/imm 4, 0;
    %store/vec4 v000001b51c456440_0, 4, 1;
    %split/vec4 1;
    %ix/load 4, 6, 0;
    %flag_set/imm 4, 0;
    %store/vec4 v000001b51c456440_0, 4, 1;
    %split/vec4 1;
    %ix/load 4, 8, 0;
    %flag_set/imm 4, 0;
    %store/vec4 v000001b51c456440_0, 4, 1;
    %split/vec4 1;
    %ix/load 4, 9, 0;
    %flag_set/imm 4, 0;
    %store/vec4 v000001b51c456440_0, 4, 1;
    %ix/load 4, 10, 0;
    %flag_set/imm 4, 0;
    %store/vec4 v000001b51c456440_0, 4, 1;
    %load/vec4 v000001b51c456440_0;
    %parti/s 1, 10, 5;
    %load/vec4 v000001b51c456440_0;
    %parti/s 1, 9, 5;
    %xor;
    %load/vec4 v000001b51c456440_0;
    %parti/s 1, 8, 5;
    %xor;
    %ix/load 4, 7, 0;
    %flag_set/imm 4, 0;
    %store/vec4 v000001b51c456440_0, 4, 1;
    %load/vec4 v000001b51c456440_0;
    %parti/s 1, 4, 4;
    %load/vec4 v000001b51c456440_0;
    %parti/s 1, 5, 4;
    %xor;
    %load/vec4 v000001b51c456440_0;
    %parti/s 1, 6, 4;
    %xor;
    %ix/load 4, 3, 0;
    %flag_set/imm 4, 0;
    %store/vec4 v000001b51c456440_0, 4, 1;
    %load/vec4 v000001b51c456440_0;
    %parti/s 1, 10, 5;
    %load/vec4 v000001b51c456440_0;
    %parti/s 1, 9, 5;
    %xor;
    %load/vec4 v000001b51c456440_0;
    %parti/s 1, 6, 4;
    %xor;
    %load/vec4 v000001b51c456440_0;
    %parti/s 1, 5, 4;
    %xor;
    %load/vec4 v000001b51c456440_0;
    %parti/s 1, 2, 3;
    %xor;
    %ix/load 4, 1, 0;
    %flag_set/imm 4, 0;
    %store/vec4 v000001b51c456440_0, 4, 1;
    %load/vec4 v000001b51c456440_0;
    %parti/s 1, 10, 5;
    %load/vec4 v000001b51c456440_0;
    %parti/s 1, 8, 5;
    %xor;
    %load/vec4 v000001b51c456440_0;
    %parti/s 1, 6, 4;
    %xor;
    %load/vec4 v000001b51c456440_0;
    %parti/s 1, 4, 4;
    %xor;
    %load/vec4 v000001b51c456440_0;
    %parti/s 1, 2, 3;
    %xor;
    %ix/load 4, 0, 0;
    %flag_set/imm 4, 0;
    %store/vec4 v000001b51c456440_0, 4, 1;
T_0.1 ;
    %jmp T_0;
    .thread T_0;
    .scope S_000001b51c2feef0;
T_1 ;
    %wait E_000001b51c2ea2d0;
    %load/vec4 v000001b51c2ff080_0;
    %flag_set/vec4 8;
    %jmp/0xz  T_1.0, 8;
    %pushi/vec4 127, 127, 7;
    %store/vec4 v000001b51c456ac0_0, 0, 7;
    %jmp T_1.1;
T_1.0 ;
    %load/vec4 v000001b51c2eb7b0_0;
    %parti/s 1, 10, 5;
    %load/vec4 v000001b51c2eb7b0_0;
    %parti/s 1, 9, 5;
    %xor;
    %load/vec4 v000001b51c2eb7b0_0;
    %parti/s 1, 8, 5;
    %xor;
    %load/vec4 v000001b51c2eb7b0_0;
    %parti/s 1, 7, 4;
    %xor;
    %ix/load 4, 3, 0;
    %flag_set/imm 4, 0;
    %store/vec4 v000001b51c45bea0_0, 4, 1;
    %load/vec4 v000001b51c2eb7b0_0;
    %parti/s 1, 6, 4;
    %load/vec4 v000001b51c2eb7b0_0;
    %parti/s 1, 5, 4;
    %xor;
    %load/vec4 v000001b51c2eb7b0_0;
    %parti/s 1, 4, 4;
    %xor;
    %load/vec4 v000001b51c2eb7b0_0;
    %parti/s 1, 3, 3;
    %xor;
    %ix/load 4, 2, 0;
    %flag_set/imm 4, 0;
    %store/vec4 v000001b51c45bea0_0, 4, 1;
    %load/vec4 v000001b51c2eb7b0_0;
    %parti/s 1, 10, 5;
    %load/vec4 v000001b51c2eb7b0_0;
    %parti/s 1, 9, 5;
    %xor;
    %load/vec4 v000001b51c2eb7b0_0;
    %parti/s 1, 6, 4;
    %xor;
    %load/vec4 v000001b51c2eb7b0_0;
    %parti/s 1, 5, 4;
    %xor;
    %load/vec4 v000001b51c2eb7b0_0;
    %parti/s 1, 2, 3;
    %xor;
    %load/vec4 v000001b51c2eb7b0_0;
    %parti/s 1, 1, 2;
    %xor;
    %ix/load 4, 1, 0;
    %flag_set/imm 4, 0;
    %store/vec4 v000001b51c45bea0_0, 4, 1;
    %load/vec4 v000001b51c2eb7b0_0;
    %parti/s 1, 10, 5;
    %load/vec4 v000001b51c2eb7b0_0;
    %parti/s 1, 8, 5;
    %xor;
    %load/vec4 v000001b51c2eb7b0_0;
    %parti/s 1, 6, 4;
    %xor;
    %load/vec4 v000001b51c2eb7b0_0;
    %parti/s 1, 4, 4;
    %xor;
    %load/vec4 v000001b51c2eb7b0_0;
    %parti/s 1, 2, 3;
    %xor;
    %load/vec4 v000001b51c2eb7b0_0;
    %parti/s 1, 0, 2;
    %xor;
    %ix/load 4, 0, 0;
    %flag_set/imm 4, 0;
    %store/vec4 v000001b51c45bea0_0, 4, 1;
    %load/vec4 v000001b51c45bea0_0;
    %cmpi/e 0, 0, 4;
    %jmp/0xz  T_1.2, 4;
    %load/vec4 v000001b51c2eb7b0_0;
    %parti/s 1, 10, 5;
    %load/vec4 v000001b51c2eb7b0_0;
    %parti/s 1, 9, 5;
    %concat/vec4; draw_concat_vec4
    %load/vec4 v000001b51c2eb7b0_0;
    %parti/s 1, 8, 5;
    %concat/vec4; draw_concat_vec4
    %load/vec4 v000001b51c2eb7b0_0;
    %parti/s 1, 6, 4;
    %concat/vec4; draw_concat_vec4
    %load/vec4 v000001b51c2eb7b0_0;
    %parti/s 1, 5, 4;
    %concat/vec4; draw_concat_vec4
    %load/vec4 v000001b51c2eb7b0_0;
    %parti/s 1, 4, 4;
    %concat/vec4; draw_concat_vec4
    %load/vec4 v000001b51c2eb7b0_0;
    %parti/s 1, 2, 3;
    %concat/vec4; draw_concat_vec4
    %store/vec4 v000001b51c456ac0_0, 0, 7;
    %jmp T_1.3;
T_1.2 ;
    %load/vec4 v000001b51c2eb7b0_0;
    %parti/s 1, 10, 5;
    %load/vec4 v000001b51c2eb7b0_0;
    %parti/s 1, 9, 5;
    %concat/vec4; draw_concat_vec4
    %load/vec4 v000001b51c2eb7b0_0;
    %parti/s 1, 8, 5;
    %concat/vec4; draw_concat_vec4
    %load/vec4 v000001b51c2eb7b0_0;
    %parti/s 1, 6, 4;
    %concat/vec4; draw_concat_vec4
    %load/vec4 v000001b51c2eb7b0_0;
    %parti/s 1, 5, 4;
    %concat/vec4; draw_concat_vec4
    %load/vec4 v000001b51c2eb7b0_0;
    %parti/s 1, 4, 4;
    %concat/vec4; draw_concat_vec4
    %load/vec4 v000001b51c2eb7b0_0;
    %parti/s 1, 2, 3;
    %concat/vec4; draw_concat_vec4
    %store/vec4 v000001b51c456ac0_0, 0, 7;
    %load/vec4 v000001b51c2eb7b0_0;
    %load/vec4 v000001b51c45bea0_0;
    %pad/u 6;
    %subi 1, 0, 6;
    %part/s 1;
    %nor/r;
    %ix/getv 4, v000001b51c45bea0_0;
    %store/vec4 v000001b51c456ac0_0, 4, 1;
T_1.3 ;
T_1.1 ;
    %jmp T_1;
    .thread T_1;
    .scope S_000001b51c2fed60;
T_2 ;
    %pushi/vec4 0, 0, 9;
    %split/vec4 7;
    %store/vec4 v000001b51c456620_0, 0, 7;
    %split/vec4 1;
    %store/vec4 v000001b51c456800_0, 0, 1;
    %store/vec4 v000001b51c456580_0, 0, 1;
    %end;
    .thread T_2;
    .scope S_000001b51c2fed60;
T_3 ;
    %delay 5, 0;
    %load/vec4 v000001b51c456580_0;
    %inv;
    %store/vec4 v000001b51c456580_0, 0, 1;
    %jmp T_3;
    .thread T_3;
    .scope S_000001b51c2fed60;
T_4 ;
    %vpi_call 2 38 "$dumpfile", "hamming_code.vcd" {0 0 0};
    %vpi_call 2 39 "$dumpvars", 32'sb00000000000000000000000000000000, S_000001b51c2fed60 {0 0 0};
    %delay 100, 0;
    %vpi_call 2 41 "$finish" {0 0 0};
    %end;
    .thread T_4;
    .scope S_000001b51c2fed60;
T_5 ;
    %vpi_func 2 46 "$random" 32 {0 0 0};
    %pad/s 7;
    %store/vec4 v000001b51c456620_0, 0, 7;
    %delay 10, 0;
    %load/vec4 v000001b51c351e60_0;
    %store/vec4 v000001b51c4564e0_0, 0, 11;
    %delay 10, 0;
    %load/vec4 v000001b51c4564e0_0;
    %pushi/vec4 32, 0, 11;
    %xor;
    %store/vec4 v000001b51c456760_0, 0, 11;
    %delay 30, 0;
    %vpi_func 2 54 "$random" 32 {0 0 0};
    %pad/s 7;
    %store/vec4 v000001b51c456620_0, 0, 7;
    %delay 10, 0;
    %load/vec4 v000001b51c351e60_0;
    %store/vec4 v000001b51c4564e0_0, 0, 11;
    %delay 10, 0;
    %load/vec4 v000001b51c4564e0_0;
    %store/vec4 v000001b51c456760_0, 0, 11;
    %end;
    .thread T_5;
# The file index is used to find the file name in the following table.
:file_names 5;
    "N/A";
    "<interactive>";
    "hamming_code_tb.v";
    "./hamming_code_reciever.v";
    "./hamming_code_sender.v";
