#! /c/Source/iverilog-install/bin/vvp
:ivl_version "12.0 (devel)" "(s20150603-1539-g2693dd32b)";
:ivl_delay_selection "TYPICAL";
:vpi_time_precision + 0;
:vpi_module "C:\iverilog\lib\ivl\system.vpi";
:vpi_module "C:\iverilog\lib\ivl\vhdl_sys.vpi";
:vpi_module "C:\iverilog\lib\ivl\vhdl_textio.vpi";
:vpi_module "C:\iverilog\lib\ivl\v2005_math.vpi";
:vpi_module "C:\iverilog\lib\ivl\va_math.vpi";
S_0000020e04d462a0 .scope module, "elevator_controller" "elevator_controller" 2 1;
 .timescale 0 0;
    .port_info 0 /INPUT 1 "clk";
    .port_info 1 /INPUT 1 "rst";
    .port_info 2 /INPUT 4 "floor_req";
    .port_info 3 /INPUT 1 "emergency_stop";
    .port_info 4 /OUTPUT 1 "move_u";
    .port_info 5 /OUTPUT 1 "move_d";
    .port_info 6 /OUTPUT 1 "motor_stop";
    .port_info 7 /OUTPUT 2 "current_floor";
P_0000020e04d46430 .param/l "emergency" 0 2 12, C4<11>;
P_0000020e04d46468 .param/l "idle" 0 2 12, C4<00>;
P_0000020e04d464a0 .param/l "move_down" 0 2 12, C4<10>;
P_0000020e04d464d8 .param/l "move_up" 0 2 12, C4<01>;
L_0000020e04d9aaf0 .functor OR 1, L_0000020e04d93130, L_0000020e04d93c70, C4<0>, C4<0>;
L_0000020e04de6c68 .functor BUFT 1, C4<00>, C4<0>, C4<0>, C4<0>;
v0000020e04d857e0_0 .net/2u *"_ivl_0", 1 0, L_0000020e04de6c68;  1 drivers
L_0000020e04de6cf8 .functor BUFT 1, C4<01>, C4<0>, C4<0>, C4<0>;
v0000020e04d46920_0 .net/2u *"_ivl_10", 1 0, L_0000020e04de6cf8;  1 drivers
L_0000020e04de6d40 .functor BUFT 1, C4<10>, C4<0>, C4<0>, C4<0>;
v0000020e04d46520_0 .net/2u *"_ivl_14", 1 0, L_0000020e04de6d40;  1 drivers
v0000020e04d465c0_0 .net *"_ivl_2", 0 0, L_0000020e04d93130;  1 drivers
L_0000020e04de6cb0 .functor BUFT 1, C4<11>, C4<0>, C4<0>, C4<0>;
v0000020e04d46660_0 .net/2u *"_ivl_4", 1 0, L_0000020e04de6cb0;  1 drivers
v0000020e04d92aa0_0 .net *"_ivl_6", 0 0, L_0000020e04d93c70;  1 drivers
o0000020e04d9e0f8 .functor BUFZ 1, C4<z>; HiZ drive
v0000020e04d92b40_0 .net "clk", 0 0, o0000020e04d9e0f8;  0 drivers
v0000020e04d92be0_0 .var "current_floor", 1 0;
v0000020e04d92c80_0 .var "current_state", 1 0;
o0000020e04d9e188 .functor BUFZ 1, C4<z>; HiZ drive
v0000020e04d93770_0 .net "emergency_stop", 0 0, o0000020e04d9e188;  0 drivers
o0000020e04d9e1b8 .functor BUFZ 4, C4<zzzz>; HiZ drive
v0000020e04d93bd0_0 .net "floor_req", 3 0, o0000020e04d9e1b8;  0 drivers
v0000020e04d93450_0 .net "motor_stop", 0 0, L_0000020e04d9aaf0;  1 drivers
v0000020e04d93810_0 .net "move_d", 0 0, L_0000020e04d933b0;  1 drivers
v0000020e04d931d0_0 .net "move_u", 0 0, L_0000020e04d92d70;  1 drivers
v0000020e04d93270_0 .var "next_state", 1 0;
o0000020e04d9e2a8 .functor BUFZ 1, C4<z>; HiZ drive
v0000020e04d93310_0 .net "rst", 0 0, o0000020e04d9e2a8;  0 drivers
v0000020e04d92f50_0 .var "target_floor", 1 0;
E_0000020e04d498e0 .event anyedge, v0000020e04d92c80_0, v0000020e04d93770_0, v0000020e04d92f50_0, v0000020e04d92be0_0;
E_0000020e04d49320 .event posedge, v0000020e04d92b40_0;
E_0000020e04d48d20 .event anyedge, v0000020e04d92be0_0, v0000020e04d93bd0_0;
L_0000020e04d93130 .cmp/eq 2, v0000020e04d92c80_0, L_0000020e04de6c68;
L_0000020e04d93c70 .cmp/eq 2, v0000020e04d92c80_0, L_0000020e04de6cb0;
L_0000020e04d92d70 .cmp/eq 2, v0000020e04d92c80_0, L_0000020e04de6cf8;
L_0000020e04d933b0 .cmp/eq 2, v0000020e04d92c80_0, L_0000020e04de6d40;
    .scope S_0000020e04d462a0;
T_0 ;
    %wait E_0000020e04d48d20;
    %load/vec4 v0000020e04d92be0_0;
    %store/vec4 v0000020e04d92f50_0, 0, 2;
    %load/vec4 v0000020e04d93bd0_0;
    %parti/s 1, 0, 2;
    %flag_set/vec4 8;
    %jmp/0xz  T_0.0, 8;
    %pushi/vec4 0, 0, 2;
    %store/vec4 v0000020e04d92f50_0, 0, 2;
    %jmp T_0.1;
T_0.0 ;
    %load/vec4 v0000020e04d93bd0_0;
    %parti/s 1, 1, 2;
    %flag_set/vec4 8;
    %jmp/0xz  T_0.2, 8;
    %pushi/vec4 1, 0, 2;
    %store/vec4 v0000020e04d92f50_0, 0, 2;
    %jmp T_0.3;
T_0.2 ;
    %load/vec4 v0000020e04d93bd0_0;
    %parti/s 1, 2, 3;
    %flag_set/vec4 8;
    %jmp/0xz  T_0.4, 8;
    %pushi/vec4 2, 0, 2;
    %store/vec4 v0000020e04d92f50_0, 0, 2;
    %jmp T_0.5;
T_0.4 ;
    %load/vec4 v0000020e04d93bd0_0;
    %parti/s 1, 3, 3;
    %flag_set/vec4 8;
    %jmp/0xz  T_0.6, 8;
    %pushi/vec4 3, 0, 2;
    %store/vec4 v0000020e04d92f50_0, 0, 2;
T_0.6 ;
T_0.5 ;
T_0.3 ;
T_0.1 ;
    %jmp T_0;
    .thread T_0, $push;
    .scope S_0000020e04d462a0;
T_1 ;
    %wait E_0000020e04d49320;
    %load/vec4 v0000020e04d93310_0;
    %flag_set/vec4 8;
    %jmp/0xz  T_1.0, 8;
    %pushi/vec4 0, 0, 2;
    %assign/vec4 v0000020e04d92c80_0, 0;
    %jmp T_1.1;
T_1.0 ;
    %load/vec4 v0000020e04d93270_0;
    %assign/vec4 v0000020e04d92c80_0, 0;
T_1.1 ;
    %jmp T_1;
    .thread T_1;
    .scope S_0000020e04d462a0;
T_2 ;
    %wait E_0000020e04d49320;
    %load/vec4 v0000020e04d93310_0;
    %flag_set/vec4 8;
    %jmp/0xz  T_2.0, 8;
    %pushi/vec4 0, 0, 2;
    %assign/vec4 v0000020e04d92be0_0, 0;
    %jmp T_2.1;
T_2.0 ;
    %load/vec4 v0000020e04d92c80_0;
    %cmpi/e 1, 0, 2;
    %jmp/0xz  T_2.2, 4;
    %load/vec4 v0000020e04d92be0_0;
    %addi 1, 0, 2;
    %assign/vec4 v0000020e04d92be0_0, 0;
    %jmp T_2.3;
T_2.2 ;
    %load/vec4 v0000020e04d92c80_0;
    %cmpi/e 2, 0, 2;
    %jmp/0xz  T_2.4, 4;
    %load/vec4 v0000020e04d92be0_0;
    %subi 1, 0, 2;
    %assign/vec4 v0000020e04d92be0_0, 0;
    %jmp T_2.5;
T_2.4 ;
    %load/vec4 v0000020e04d92be0_0;
    %assign/vec4 v0000020e04d92be0_0, 0;
T_2.5 ;
T_2.3 ;
T_2.1 ;
    %jmp T_2;
    .thread T_2;
    .scope S_0000020e04d462a0;
T_3 ;
    %wait E_0000020e04d498e0;
    %load/vec4 v0000020e04d92c80_0;
    %store/vec4 v0000020e04d93270_0, 0, 2;
    %load/vec4 v0000020e04d93770_0;
    %flag_set/vec4 8;
    %jmp/0xz  T_3.0, 8;
    %pushi/vec4 3, 0, 2;
    %store/vec4 v0000020e04d93270_0, 0, 2;
    %jmp T_3.1;
T_3.0 ;
    %load/vec4 v0000020e04d92c80_0;
    %dup/vec4;
    %pushi/vec4 0, 0, 2;
    %cmp/u;
    %jmp/1 T_3.2, 6;
    %dup/vec4;
    %pushi/vec4 1, 0, 2;
    %cmp/u;
    %jmp/1 T_3.3, 6;
    %dup/vec4;
    %pushi/vec4 2, 0, 2;
    %cmp/u;
    %jmp/1 T_3.4, 6;
    %dup/vec4;
    %pushi/vec4 3, 0, 2;
    %cmp/u;
    %jmp/1 T_3.5, 6;
    %jmp T_3.6;
T_3.2 ;
    %load/vec4 v0000020e04d92be0_0;
    %load/vec4 v0000020e04d92f50_0;
    %cmp/u;
    %jmp/0xz  T_3.7, 5;
    %pushi/vec4 1, 0, 2;
    %store/vec4 v0000020e04d93270_0, 0, 2;
    %jmp T_3.8;
T_3.7 ;
    %load/vec4 v0000020e04d92f50_0;
    %load/vec4 v0000020e04d92be0_0;
    %cmp/u;
    %jmp/0xz  T_3.9, 5;
    %pushi/vec4 2, 0, 2;
    %store/vec4 v0000020e04d93270_0, 0, 2;
T_3.9 ;
T_3.8 ;
    %jmp T_3.6;
T_3.3 ;
    %load/vec4 v0000020e04d92f50_0;
    %load/vec4 v0000020e04d92be0_0;
    %cmp/e;
    %jmp/0xz  T_3.11, 4;
    %pushi/vec4 0, 0, 2;
    %store/vec4 v0000020e04d93270_0, 0, 2;
    %jmp T_3.12;
T_3.11 ;
    %pushi/vec4 1, 0, 2;
    %store/vec4 v0000020e04d93270_0, 0, 2;
T_3.12 ;
    %jmp T_3.6;
T_3.4 ;
    %load/vec4 v0000020e04d92f50_0;
    %load/vec4 v0000020e04d92be0_0;
    %cmp/e;
    %jmp/0xz  T_3.13, 4;
    %pushi/vec4 0, 0, 2;
    %store/vec4 v0000020e04d93270_0, 0, 2;
    %jmp T_3.14;
T_3.13 ;
    %pushi/vec4 2, 0, 2;
    %store/vec4 v0000020e04d93270_0, 0, 2;
T_3.14 ;
    %jmp T_3.6;
T_3.5 ;
    %load/vec4 v0000020e04d93770_0;
    %flag_set/vec4 8;
    %jmp/0xz  T_3.15, 8;
    %pushi/vec4 3, 0, 2;
    %store/vec4 v0000020e04d93270_0, 0, 2;
    %jmp T_3.16;
T_3.15 ;
    %pushi/vec4 0, 0, 2;
    %store/vec4 v0000020e04d93270_0, 0, 2;
T_3.16 ;
    %jmp T_3.6;
T_3.6 ;
    %pop/vec4 1;
T_3.1 ;
    %jmp T_3;
    .thread T_3, $push;
# The file index is used to find the file name in the following table.
:file_names 3;
    "N/A";
    "<interactive>";
    "Elevator_Controller.v";
