#! /c/Source/iverilog-install/bin/vvp
:ivl_version "12.0 (devel)" "(s20150603-1539-g2693dd32b)";
:ivl_delay_selection "TYPICAL";
:vpi_time_precision + 0;
:vpi_module "C:\iverilog\lib\ivl\system.vpi";
:vpi_module "C:\iverilog\lib\ivl\vhdl_sys.vpi";
:vpi_module "C:\iverilog\lib\ivl\vhdl_textio.vpi";
:vpi_module "C:\iverilog\lib\ivl\v2005_math.vpi";
:vpi_module "C:\iverilog\lib\ivl\va_math.vpi";
S_0000022cb2152620 .scope module, "axi_lite_slave" "axi_lite_slave" 2 1;
 .timescale 0 0;
    .port_info 0 /INPUT 1 "aclk";
    .port_info 1 /INPUT 1 "aresetn";
    .port_info 2 /INPUT 32 "awaddr";
    .port_info 3 /INPUT 1 "awvalid";
    .port_info 4 /OUTPUT 1 "awready";
    .port_info 5 /INPUT 32 "wdata";
    .port_info 6 /INPUT 4 "wstrb";
    .port_info 7 /INPUT 1 "wvalid";
    .port_info 8 /OUTPUT 1 "wready";
    .port_info 9 /OUTPUT 2 "bresp";
    .port_info 10 /OUTPUT 1 "bvalid";
    .port_info 11 /INPUT 1 "bready";
    .port_info 12 /INPUT 32 "araddr";
    .port_info 13 /INPUT 1 "arvalid";
    .port_info 14 /OUTPUT 1 "arready";
    .port_info 15 /OUTPUT 32 "rdata";
    .port_info 16 /OUTPUT 2 "rresp";
    .port_info 17 /OUTPUT 1 "rvalid";
    .port_info 18 /INPUT 1 "rready";
o0000022cb218dfd8 .functor BUFZ 1, C4<z>; HiZ drive
v0000022cb20fec30_0 .net "aclk", 0 0, o0000022cb218dfd8;  0 drivers
o0000022cb218e008 .functor BUFZ 32, C4<zzzzzzzzzzzzzzzzzzzzzzzzzzzzzzzz>; HiZ drive
v0000022cb21528f0_0 .net "araddr", 31 0, o0000022cb218e008;  0 drivers
o0000022cb218e038 .functor BUFZ 1, C4<z>; HiZ drive
v0000022cb20fbbf0_0 .net "aresetn", 0 0, o0000022cb218e038;  0 drivers
v0000022cb20fbc90_0 .var "arready", 0 0;
o0000022cb218e098 .functor BUFZ 1, C4<z>; HiZ drive
v0000022cb20fbd30_0 .net "arvalid", 0 0, o0000022cb218e098;  0 drivers
o0000022cb218e0c8 .functor BUFZ 32, C4<zzzzzzzzzzzzzzzzzzzzzzzzzzzzzzzz>; HiZ drive
v0000022cb21829a0_0 .net "awaddr", 31 0, o0000022cb218e0c8;  0 drivers
v0000022cb2182a40_0 .var "awready", 0 0;
o0000022cb218e128 .functor BUFZ 1, C4<z>; HiZ drive
v0000022cb2182ae0_0 .net "awvalid", 0 0, o0000022cb218e128;  0 drivers
o0000022cb218e158 .functor BUFZ 1, C4<z>; HiZ drive
v0000022cb2182b80_0 .net "bready", 0 0, o0000022cb218e158;  0 drivers
v0000022cb2182c20_0 .var "bresp", 1 0;
v0000022cb2182cc0_0 .var "bvalid", 0 0;
v0000022cb2182d60 .array "mem", 255 0, 31 0;
v0000022cb2182e00_0 .var "rd_addr", 7 0;
v0000022cb2182ea0_0 .var "rdata", 31 0;
o0000022cb218e248 .functor BUFZ 1, C4<z>; HiZ drive
v0000022cb2182f40_0 .net "rready", 0 0, o0000022cb218e248;  0 drivers
v0000022cb2183030_0 .var "rresp", 1 0;
v0000022cb2183990_0 .var "rvalid", 0 0;
o0000022cb218e2d8 .functor BUFZ 32, C4<zzzzzzzzzzzzzzzzzzzzzzzzzzzzzzzz>; HiZ drive
v0000022cb2183e90_0 .net "wdata", 31 0, o0000022cb218e2d8;  0 drivers
v0000022cb2183df0_0 .var "wr_addr", 7 0;
v0000022cb2183d50_0 .var "wready", 0 0;
o0000022cb218e368 .functor BUFZ 4, C4<zzzz>; HiZ drive
v0000022cb2183490_0 .net "wstrb", 3 0, o0000022cb218e368;  0 drivers
o0000022cb218e398 .functor BUFZ 1, C4<z>; HiZ drive
v0000022cb21833f0_0 .net "wvalid", 0 0, o0000022cb218e398;  0 drivers
E_0000022cb20f9210 .event posedge, v0000022cb20fec30_0;
    .scope S_0000022cb2152620;
T_0 ;
    %wait E_0000022cb20f9210;
    %load/vec4 v0000022cb20fbbf0_0;
    %nor/r;
    %flag_set/vec4 8;
    %jmp/0xz  T_0.0, 8;
    %pushi/vec4 0, 0, 1;
    %assign/vec4 v0000022cb2182a40_0, 0;
    %pushi/vec4 0, 0, 1;
    %assign/vec4 v0000022cb2183d50_0, 0;
    %pushi/vec4 0, 0, 1;
    %assign/vec4 v0000022cb2182cc0_0, 0;
    %pushi/vec4 0, 0, 1;
    %assign/vec4 v0000022cb20fbc90_0, 0;
    %pushi/vec4 0, 0, 1;
    %assign/vec4 v0000022cb2183990_0, 0;
    %jmp T_0.1;
T_0.0 ;
    %load/vec4 v0000022cb2182ae0_0;
    %flag_set/vec4 9;
    %flag_get/vec4 9;
    %jmp/0 T_0.4, 9;
    %load/vec4 v0000022cb2182a40_0;
    %nor/r;
    %and;
T_0.4;
    %flag_set/vec4 8;
    %jmp/0xz  T_0.2, 8;
    %pushi/vec4 1, 0, 1;
    %assign/vec4 v0000022cb2182a40_0, 0;
    %load/vec4 v0000022cb21829a0_0;
    %parti/s 8, 0, 2;
    %assign/vec4 v0000022cb2183df0_0, 0;
    %jmp T_0.3;
T_0.2 ;
    %pushi/vec4 0, 0, 1;
    %assign/vec4 v0000022cb2182a40_0, 0;
T_0.3 ;
    %load/vec4 v0000022cb21833f0_0;
    %flag_set/vec4 9;
    %flag_get/vec4 9;
    %jmp/0 T_0.7, 9;
    %load/vec4 v0000022cb2182a40_0;
    %and;
T_0.7;
    %flag_set/vec4 8;
    %jmp/0xz  T_0.5, 8;
    %pushi/vec4 1, 0, 1;
    %assign/vec4 v0000022cb2183d50_0, 0;
    %load/vec4 v0000022cb2183e90_0;
    %load/vec4 v0000022cb2183df0_0;
    %pad/u 10;
    %ix/vec4 3;
    %ix/load 4, 0, 0; Constant delay
    %assign/vec4/a/d v0000022cb2182d60, 0, 4;
    %pushi/vec4 0, 0, 2;
    %assign/vec4 v0000022cb2182c20_0, 0;
    %pushi/vec4 1, 0, 1;
    %assign/vec4 v0000022cb2182cc0_0, 0;
T_0.5 ;
    %load/vec4 v0000022cb2182cc0_0;
    %flag_set/vec4 9;
    %flag_get/vec4 9;
    %jmp/0 T_0.10, 9;
    %load/vec4 v0000022cb2182b80_0;
    %and;
T_0.10;
    %flag_set/vec4 8;
    %jmp/0xz  T_0.8, 8;
    %pushi/vec4 0, 0, 1;
    %assign/vec4 v0000022cb2182cc0_0, 0;
T_0.8 ;
    %load/vec4 v0000022cb20fbd30_0;
    %flag_set/vec4 9;
    %flag_get/vec4 9;
    %jmp/0 T_0.13, 9;
    %load/vec4 v0000022cb20fbc90_0;
    %nor/r;
    %and;
T_0.13;
    %flag_set/vec4 8;
    %jmp/0xz  T_0.11, 8;
    %pushi/vec4 1, 0, 1;
    %assign/vec4 v0000022cb20fbc90_0, 0;
    %load/vec4 v0000022cb21528f0_0;
    %parti/s 8, 0, 2;
    %assign/vec4 v0000022cb2182e00_0, 0;
    %jmp T_0.12;
T_0.11 ;
    %pushi/vec4 0, 0, 1;
    %assign/vec4 v0000022cb20fbc90_0, 0;
T_0.12 ;
    %load/vec4 v0000022cb20fbc90_0;
    %flag_set/vec4 8;
    %jmp/0xz  T_0.14, 8;
    %load/vec4 v0000022cb2182e00_0;
    %pad/u 10;
    %ix/vec4 4;
    %load/vec4a v0000022cb2182d60, 4;
    %assign/vec4 v0000022cb2182ea0_0, 0;
    %pushi/vec4 0, 0, 2;
    %assign/vec4 v0000022cb2183030_0, 0;
    %pushi/vec4 1, 0, 1;
    %assign/vec4 v0000022cb2183990_0, 0;
T_0.14 ;
    %load/vec4 v0000022cb2183990_0;
    %flag_set/vec4 9;
    %flag_get/vec4 9;
    %jmp/0 T_0.18, 9;
    %load/vec4 v0000022cb2182f40_0;
    %and;
T_0.18;
    %flag_set/vec4 8;
    %jmp/0xz  T_0.16, 8;
    %pushi/vec4 0, 0, 1;
    %assign/vec4 v0000022cb2183990_0, 0;
T_0.16 ;
T_0.1 ;
    %jmp T_0;
    .thread T_0;
# The file index is used to find the file name in the following table.
:file_names 3;
    "N/A";
    "<interactive>";
    "AXI_lite_slave.v";
