#! /c/Source/iverilog-install/bin/vvp
:ivl_version "12.0 (devel)" "(s20150603-1539-g2693dd32b)";
:ivl_delay_selection "TYPICAL";
:vpi_time_precision - 12;
:vpi_module "C:\iverilog\lib\ivl\system.vpi";
:vpi_module "C:\iverilog\lib\ivl\vhdl_sys.vpi";
:vpi_module "C:\iverilog\lib\ivl\vhdl_textio.vpi";
:vpi_module "C:\iverilog\lib\ivl\v2005_math.vpi";
:vpi_module "C:\iverilog\lib\ivl\va_math.vpi";
S_000002981c65da80 .scope module, "tb_axi_lite" "tb_axi_lite" 2 5;
 .timescale -9 -12;
v000002981c6534a0_0 .var "aclk", 0 0;
v000002981c653040_0 .var "araddr", 31 0;
v000002981c653540_0 .var "aresetn", 0 0;
v000002981c653900_0 .net "arready", 0 0, v000002981c60bd40_0;  1 drivers
v000002981c653680_0 .var "arvalid", 0 0;
v000002981c653720_0 .var "awaddr", 31 0;
v000002981c652be0_0 .net "awready", 0 0, v000002981c64b460_0;  1 drivers
v000002981c6530e0_0 .var "awvalid", 0 0;
v000002981c6537c0_0 .var "bready", 0 0;
v000002981c653180_0 .net "bresp", 1 0, v000002981c64b640_0;  1 drivers
v000002981c653860_0 .net "bvalid", 0 0, v000002981c64b6e0_0;  1 drivers
v000002981c653a40_0 .net "rdata", 31 0, v000002981c6b9100_0;  1 drivers
v000002981c652c80_0 .var "rready", 0 0;
v000002981c652d20_0 .net "rresp", 1 0, v000002981c653400_0;  1 drivers
v000002981c653220_0 .net "rvalid", 0 0, v000002981c652f00_0;  1 drivers
v000002981c652e60_0 .var "wdata", 31 0;
v000002981c6ba230_0 .net "wready", 0 0, v000002981c653360_0;  1 drivers
v000002981c6ba370_0 .var "wstrb", 3 0;
v000002981c6b9470_0 .var "wvalid", 0 0;
E_000002981c64aec0 .event negedge, v000002981c622bf0_0;
S_000002981c65dc10 .scope module, "uut" "axi_lite_slave" 2 26, 3 1 0, S_000002981c65da80;
 .timescale -9 -12;
    .port_info 0 /INPUT 1 "aclk";
    .port_info 1 /INPUT 1 "aresetn";
    .port_info 2 /INPUT 32 "awaddr";
    .port_info 3 /INPUT 1 "awvalid";
    .port_info 4 /OUTPUT 1 "awready";
    .port_info 5 /INPUT 32 "wdata";
    .port_info 6 /INPUT 4 "wstrb";
    .port_info 7 /INPUT 1 "wvalid";
    .port_info 8 /OUTPUT 1 "wready";
    .port_info 9 /OUTPUT 2 "bresp";
    .port_info 10 /OUTPUT 1 "bvalid";
    .port_info 11 /INPUT 1 "bready";
    .port_info 12 /INPUT 32 "araddr";
    .port_info 13 /INPUT 1 "arvalid";
    .port_info 14 /OUTPUT 1 "arready";
    .port_info 15 /OUTPUT 32 "rdata";
    .port_info 16 /OUTPUT 2 "rresp";
    .port_info 17 /OUTPUT 1 "rvalid";
    .port_info 18 /INPUT 1 "rready";
v000002981c622bf0_0 .net "aclk", 0 0, v000002981c6534a0_0;  1 drivers
v000002981c60ec90_0 .net "araddr", 31 0, v000002981c653040_0;  1 drivers
v000002981c622970_0 .net "aresetn", 0 0, v000002981c653540_0;  1 drivers
v000002981c60bd40_0 .var "arready", 0 0;
v000002981c60bbd0_0 .net "arvalid", 0 0, v000002981c653680_0;  1 drivers
v000002981c64b3c0_0 .net "awaddr", 31 0, v000002981c653720_0;  1 drivers
v000002981c64b460_0 .var "awready", 0 0;
v000002981c64b500_0 .net "awvalid", 0 0, v000002981c6530e0_0;  1 drivers
v000002981c64b5a0_0 .net "bready", 0 0, v000002981c6537c0_0;  1 drivers
v000002981c64b640_0 .var "bresp", 1 0;
v000002981c64b6e0_0 .var "bvalid", 0 0;
v000002981c64b780 .array "mem", 255 0, 31 0;
v000002981c6b9060_0 .var "rd_addr", 7 0;
v000002981c6b9100_0 .var "rdata", 31 0;
v000002981c6535e0_0 .net "rready", 0 0, v000002981c652c80_0;  1 drivers
v000002981c653400_0 .var "rresp", 1 0;
v000002981c652f00_0 .var "rvalid", 0 0;
v000002981c652dc0_0 .net "wdata", 31 0, v000002981c652e60_0;  1 drivers
v000002981c652fa0_0 .var "wr_addr", 7 0;
v000002981c653360_0 .var "wready", 0 0;
v000002981c6532c0_0 .net "wstrb", 3 0, v000002981c6ba370_0;  1 drivers
v000002981c6539a0_0 .net "wvalid", 0 0, v000002981c6b9470_0;  1 drivers
E_000002981c64a9c0 .event posedge, v000002981c622bf0_0;
    .scope S_000002981c65dc10;
T_0 ;
    %wait E_000002981c64a9c0;
    %load/vec4 v000002981c622970_0;
    %nor/r;
    %flag_set/vec4 8;
    %jmp/0xz  T_0.0, 8;
    %pushi/vec4 0, 0, 1;
    %assign/vec4 v000002981c64b460_0, 0;
    %pushi/vec4 0, 0, 1;
    %assign/vec4 v000002981c653360_0, 0;
    %pushi/vec4 0, 0, 1;
    %assign/vec4 v000002981c64b6e0_0, 0;
    %pushi/vec4 0, 0, 1;
    %assign/vec4 v000002981c60bd40_0, 0;
    %pushi/vec4 0, 0, 1;
    %assign/vec4 v000002981c652f00_0, 0;
    %jmp T_0.1;
T_0.0 ;
    %load/vec4 v000002981c64b500_0;
    %flag_set/vec4 9;
    %flag_get/vec4 9;
    %jmp/0 T_0.4, 9;
    %load/vec4 v000002981c64b460_0;
    %nor/r;
    %and;
T_0.4;
    %flag_set/vec4 8;
    %jmp/0xz  T_0.2, 8;
    %pushi/vec4 1, 0, 1;
    %assign/vec4 v000002981c64b460_0, 0;
    %load/vec4 v000002981c64b3c0_0;
    %parti/s 8, 0, 2;
    %assign/vec4 v000002981c652fa0_0, 0;
    %jmp T_0.3;
T_0.2 ;
    %pushi/vec4 0, 0, 1;
    %assign/vec4 v000002981c64b460_0, 0;
T_0.3 ;
    %load/vec4 v000002981c6539a0_0;
    %flag_set/vec4 9;
    %flag_get/vec4 9;
    %jmp/0 T_0.7, 9;
    %load/vec4 v000002981c64b460_0;
    %and;
T_0.7;
    %flag_set/vec4 8;
    %jmp/0xz  T_0.5, 8;
    %pushi/vec4 1, 0, 1;
    %assign/vec4 v000002981c653360_0, 0;
    %load/vec4 v000002981c652dc0_0;
    %load/vec4 v000002981c652fa0_0;
    %pad/u 10;
    %ix/vec4 3;
    %ix/load 4, 0, 0; Constant delay
    %assign/vec4/a/d v000002981c64b780, 0, 4;
    %pushi/vec4 0, 0, 2;
    %assign/vec4 v000002981c64b640_0, 0;
    %pushi/vec4 1, 0, 1;
    %assign/vec4 v000002981c64b6e0_0, 0;
T_0.5 ;
    %load/vec4 v000002981c64b6e0_0;
    %flag_set/vec4 9;
    %flag_get/vec4 9;
    %jmp/0 T_0.10, 9;
    %load/vec4 v000002981c64b5a0_0;
    %and;
T_0.10;
    %flag_set/vec4 8;
    %jmp/0xz  T_0.8, 8;
    %pushi/vec4 0, 0, 1;
    %assign/vec4 v000002981c64b6e0_0, 0;
T_0.8 ;
    %load/vec4 v000002981c60bbd0_0;
    %flag_set/vec4 9;
    %flag_get/vec4 9;
    %jmp/0 T_0.13, 9;
    %load/vec4 v000002981c60bd40_0;
    %nor/r;
    %and;
T_0.13;
    %flag_set/vec4 8;
    %jmp/0xz  T_0.11, 8;
    %pushi/vec4 1, 0, 1;
    %assign/vec4 v000002981c60bd40_0, 0;
    %load/vec4 v000002981c60ec90_0;
    %parti/s 8, 0, 2;
    %assign/vec4 v000002981c6b9060_0, 0;
    %jmp T_0.12;
T_0.11 ;
    %pushi/vec4 0, 0, 1;
    %assign/vec4 v000002981c60bd40_0, 0;
T_0.12 ;
    %load/vec4 v000002981c60bd40_0;
    %flag_set/vec4 8;
    %jmp/0xz  T_0.14, 8;
    %load/vec4 v000002981c6b9060_0;
    %pad/u 10;
    %ix/vec4 4;
    %load/vec4a v000002981c64b780, 4;
    %assign/vec4 v000002981c6b9100_0, 0;
    %pushi/vec4 0, 0, 2;
    %assign/vec4 v000002981c653400_0, 0;
    %pushi/vec4 1, 0, 1;
    %assign/vec4 v000002981c652f00_0, 0;
T_0.14 ;
    %load/vec4 v000002981c652f00_0;
    %flag_set/vec4 9;
    %flag_get/vec4 9;
    %jmp/0 T_0.18, 9;
    %load/vec4 v000002981c6535e0_0;
    %and;
T_0.18;
    %flag_set/vec4 8;
    %jmp/0xz  T_0.16, 8;
    %pushi/vec4 0, 0, 1;
    %assign/vec4 v000002981c652f00_0, 0;
T_0.16 ;
T_0.1 ;
    %jmp T_0;
    .thread T_0;
    .scope S_000002981c65da80;
T_1 ;
    %pushi/vec4 0, 0, 1;
    %store/vec4 v000002981c6534a0_0, 0, 1;
T_1.0 ;
    %delay 5000, 0;
    %load/vec4 v000002981c6534a0_0;
    %inv;
    %store/vec4 v000002981c6534a0_0, 0, 1;
    %jmp T_1.0;
    %end;
    .thread T_1;
    .scope S_000002981c65da80;
T_2 ;
    %vpi_call 2 42 "$dumpfile", "AXI_lite_slave.vcd" {0 0 0};
    %vpi_call 2 43 "$dumpvars", 32'sb00000000000000000000000000000000, S_000002981c65da80 {0 0 0};
    %vpi_call 2 45 "$display", "Starting AXI Lite transactions..." {0 0 0};
    %pushi/vec4 4, 0, 32;
    %store/vec4 v000002981c653040_0, 0, 32;
    %pushi/vec4 4, 0, 32;
    %store/vec4 v000002981c653720_0, 0, 32;
    %pushi/vec4 256, 0, 32;
    %store/vec4 v000002981c652e60_0, 0, 32;
    %pushi/vec4 0, 0, 1;
    %store/vec4 v000002981c653540_0, 0, 1;
    %pushi/vec4 0, 0, 1;
    %store/vec4 v000002981c653680_0, 0, 1;
    %pushi/vec4 0, 0, 1;
    %store/vec4 v000002981c652c80_0, 0, 1;
    %pushi/vec4 0, 0, 1;
    %store/vec4 v000002981c6530e0_0, 0, 1;
    %pushi/vec4 0, 0, 1;
    %store/vec4 v000002981c6b9470_0, 0, 1;
    %pushi/vec4 0, 0, 1;
    %store/vec4 v000002981c6537c0_0, 0, 1;
    %delay 10000, 0;
    %pushi/vec4 1, 0, 1;
    %store/vec4 v000002981c653540_0, 0, 1;
    %pushi/vec4 3, 0, 32;
T_2.0 %dup/vec4;
    %pushi/vec4 0, 0, 32;
    %cmp/s;
    %jmp/1xz T_2.1, 5;
    %jmp/1 T_2.1, 4;
    %pushi/vec4 1, 0, 32;
    %sub;
    %wait E_000002981c64a9c0;
    %load/vec4 v000002981c653720_0;
    %addi 4, 0, 32;
    %store/vec4 v000002981c653720_0, 0, 32;
    %pushi/vec4 1, 0, 1;
    %store/vec4 v000002981c6530e0_0, 0, 1;
    %load/vec4 v000002981c652e60_0;
    %addi 256, 0, 32;
    %store/vec4 v000002981c652e60_0, 0, 32;
    %pushi/vec4 15, 0, 4;
    %store/vec4 v000002981c6ba370_0, 0, 4;
    %pushi/vec4 1, 0, 1;
    %store/vec4 v000002981c6b9470_0, 0, 1;
    %pushi/vec4 1, 0, 1;
    %store/vec4 v000002981c6537c0_0, 0, 1;
    %vpi_call 2 69 "$display", "Write Transaction: Addr = %h, Data = %h", v000002981c653720_0, v000002981c652e60_0 {0 0 0};
    %wait E_000002981c64a9c0;
    %pushi/vec4 0, 0, 1;
    %store/vec4 v000002981c6530e0_0, 0, 1;
    %pushi/vec4 0, 0, 1;
    %store/vec4 v000002981c6b9470_0, 0, 1;
    %pushi/vec4 0, 0, 1;
    %store/vec4 v000002981c6537c0_0, 0, 1;
    %pushi/vec4 0, 0, 1;
    %store/vec4 v000002981c6530e0_0, 0, 1;
    %pushi/vec4 0, 0, 1;
    %store/vec4 v000002981c6b9470_0, 0, 1;
    %pushi/vec4 0, 0, 1;
    %store/vec4 v000002981c6537c0_0, 0, 1;
    %jmp T_2.0;
T_2.1 ;
    %pop/vec4 1;
    %pushi/vec4 3, 0, 32;
T_2.2 %dup/vec4;
    %pushi/vec4 0, 0, 32;
    %cmp/s;
    %jmp/1xz T_2.3, 5;
    %jmp/1 T_2.3, 4;
    %pushi/vec4 1, 0, 32;
    %sub;
    %wait E_000002981c64a9c0;
    %load/vec4 v000002981c653040_0;
    %addi 4, 0, 32;
    %store/vec4 v000002981c653040_0, 0, 32;
    %pushi/vec4 1, 0, 1;
    %store/vec4 v000002981c653680_0, 0, 1;
    %pushi/vec4 1, 0, 1;
    %store/vec4 v000002981c652c80_0, 0, 1;
    %wait E_000002981c64a9c0;
    %wait E_000002981c64aec0;
    %vpi_call 2 88 "$display", "Read Transaction: Addr = %h, Data = %h", v000002981c653040_0, v000002981c653a40_0 {0 0 0};
    %pushi/vec4 0, 0, 1;
    %store/vec4 v000002981c653680_0, 0, 1;
    %pushi/vec4 0, 0, 1;
    %store/vec4 v000002981c652c80_0, 0, 1;
    %jmp T_2.2;
T_2.3 ;
    %pop/vec4 1;
    %delay 50000, 0;
    %vpi_call 2 94 "$finish" {0 0 0};
    %end;
    .thread T_2;
# The file index is used to find the file name in the following table.
:file_names 4;
    "N/A";
    "<interactive>";
    "AXI_lite_slave_tb.v";
    "./AXI_lite_slave.v";
